{"asctime": "2026-02-26 23:20:38,111", "levelname": "INFO", "message": "", "url": "/users/login", "method": "POST", "process_time": 5.395232677459717, "taskName": "starlette.middleware.base.BaseHTTPMiddleware.__call__.<locals>.call_next.<locals>.coro"}
{"asctime": "2026-02-26 23:20:57,087", "levelname": "INFO", "message": "", "url": "/users/login", "method": "POST", "process_time": 0.8676869869232178, "taskName": "starlette.middleware.base.BaseHTTPMiddleware.__call__.<locals>.call_next.<locals>.coro"}
{"asctime": "2026-02-26 23:32:53,736", "levelname": "INFO", "message": "", "url": "/users/login", "method": "POST", "process_time": 1.1738355159759521, "taskName": "starlette.middleware.base.BaseHTTPMiddleware.__call__.<locals>.call_next.<locals>.coro"}
{"asctime": "2026-02-26 23:35:10,309", "levelname": "INFO", "message": "", "url": "/users/logout", "method": "POST", "process_time": 0.005150318145751953, "taskName": "starlette.middleware.base.BaseHTTPMiddleware.__call__.<locals>.call_next.<locals>.coro"}
{"asctime": "2026-02-26 23:35:10,332", "levelname": "INFO", "message": "", "url": "/users/refresh", "method": "POST", "process_time": 0.003186464309692383, "taskName": "starlette.middleware.base.BaseHTTPMiddleware.__call__.<locals>.call_next.<locals>.coro"}
{"asctime": "2026-02-26 23:35:45,937", "levelname": "INFO", "message": "", "url": "/users/register", "method": "POST", "process_time": 11.609144687652588, "taskName": "starlette.middleware.base.BaseHTTPMiddleware.__call__.<locals>.call_next.<locals>.coro"}
{"asctime": "2026-02-26 23:36:00,795", "levelname": "INFO", "message": "", "url": "/users/register", "method": "POST", "process_time": 0.00602269172668457, "taskName": "starlette.middleware.base.BaseHTTPMiddleware.__call__.<locals>.call_next.<locals>.coro"}
{"asctime": "2026-02-26 23:36:40,779", "levelname": "INFO", "message": "", "url": "/users/register", "method": "POST", "process_time": 0.12387847900390625, "taskName": "starlette.middleware.base.BaseHTTPMiddleware.__call__.<locals>.call_next.<locals>.coro"}
{"asctime": "2026-02-26 23:36:59,060", "levelname": "INFO", "message": "", "url": "/users/register", "method": "POST", "process_time": 0.09332966804504395, "taskName": "starlette.middleware.base.BaseHTTPMiddleware.__call__.<locals>.call_next.<locals>.coro"}
{"asctime": "2026-02-26 23:37:06,720", "levelname": "INFO", "message": "", "url": "/users/register", "method": "POST", "process_time": 0.10688328742980957, "taskName": "starlette.middleware.base.BaseHTTPMiddleware.__call__.<locals>.call_next.<locals>.coro"}
{"asctime": "2026-02-26 23:56:10,270", "levelname": "INFO", "message": "", "url": "/users/register", "method": "POST", "process_time": 0.39104318618774414, "taskName": "starlette.middleware.base.BaseHTTPMiddleware.__call__.<locals>.call_next.<locals>.coro"}
{"asctime": "2026-02-26 23:58:32,366", "levelname": "INFO", "message": "", "url": "/users/register", "method": "POST", "process_time": 0.0037848949432373047, "taskName": "starlette.middleware.base.BaseHTTPMiddleware.__call__.<locals>.call_next.<locals>.coro"}
{"asctime": "2026-02-26 23:59:48,798", "levelname": "INFO", "message": "", "url": "/users/register", "method": "POST", "process_time": 0.0049419403076171875, "taskName": "starlette.middleware.base.BaseHTTPMiddleware.__call__.<locals>.call_next.<locals>.coro"}
{"asctime": "2026-02-27 00:00:12,943", "levelname": "INFO", "message": "", "url": "/users/register", "method": "POST", "process_time": 0.012004375457763672, "taskName": "starlette.middleware.base.BaseHTTPMiddleware.__call__.<locals>.call_next.<locals>.coro"}
{"asctime": "2026-02-27 00:02:48,514", "levelname": "INFO", "message": "", "url": "/users/register", "method": "POST", "process_time": 0.01613330841064453, "taskName": "starlette.middleware.base.BaseHTTPMiddleware.__call__.<locals>.call_next.<locals>.coro"}
{"asctime": "2026-02-27 00:05:12,213", "levelname": "INFO", "message": "", "url": "/users/register", "method": "POST", "process_time": 2.10068941116333, "taskName": "starlette.middleware.base.BaseHTTPMiddleware.__call__.<locals>.call_next.<locals>.coro"}
{"asctime": "2026-02-27 00:13:25,916", "levelname": "INFO", "message": "", "url": "/users/register", "method": "POST", "process_time": 1.1142833232879639, "taskName": "starlette.middleware.base.BaseHTTPMiddleware.__call__.<locals>.call_next.<locals>.coro"}
{"asctime": "2026-02-27 00:13:34,553", "levelname": "INFO", "message": "", "url": "/users/register", "method": "POST", "process_time": 0.6215684413909912, "taskName": "starlette.middleware.base.BaseHTTPMiddleware.__call__.<locals>.call_next.<locals>.coro"}
{"asctime": "2026-02-27 00:13:43,468", "levelname": "INFO", "message": "", "url": "/users/register", "method": "POST", "process_time": 0.7018139362335205, "taskName": "starlette.middleware.base.BaseHTTPMiddleware.__call__.<locals>.call_next.<locals>.coro"}
{"asctime": "2026-02-27 00:15:27,893", "levelname": "INFO", "message": "", "url": "/users/register", "method": "POST", "process_time": 0.36490511894226074, "taskName": "starlette.middleware.base.BaseHTTPMiddleware.__call__.<locals>.call_next.<locals>.coro"}
{"asctime": "2026-02-27 00:15:40,682", "levelname": "INFO", "message": "", "url": "/users/register", "method": "POST", "process_time": 0.46586060523986816, "taskName": "starlette.middleware.base.BaseHTTPMiddleware.__call__.<locals>.call_next.<locals>.coro"}
{"asctime": "2026-02-27 00:22:57,471", "levelname": "INFO", "message": "", "url": "/users/register", "method": "POST", "process_time": 2.3486881256103516, "taskName": "starlette.middleware.base.BaseHTTPMiddleware.__call__.<locals>.call_next.<locals>.coro"}
{"asctime": "2026-02-27 00:23:17,104", "levelname": "INFO", "message": "", "url": "/users/register", "method": "POST", "process_time": 8.891572952270508, "taskName": "starlette.middleware.base.BaseHTTPMiddleware.__call__.<locals>.call_next.<locals>.coro"}
{"asctime": "2026-02-27 00:27:14,488", "levelname": "INFO", "message": "", "url": "/users/register", "method": "POST", "process_time": 4.675550937652588, "taskName": "starlette.middleware.base.BaseHTTPMiddleware.__call__.<locals>.call_next.<locals>.coro"}
{"asctime": "2026-02-27 00:27:39,221", "levelname": "INFO", "message": "", "url": "/users/register", "method": "GET", "process_time": 0.0032281875610351562, "taskName": "starlette.middleware.base.BaseHTTPMiddleware.__call__.<locals>.call_next.<locals>.coro"}
{"asctime": "2026-02-27 00:27:43,828", "levelname": "INFO", "message": "", "url": "/users/register", "method": "GET", "process_time": 0.0, "taskName": "starlette.middleware.base.BaseHTTPMiddleware.__call__.<locals>.call_next.<locals>.coro"}
{"asctime": "2026-02-27 00:29:41,296", "levelname": "INFO", "message": "", "url": "/users/register", "method": "POST", "process_time": 2.8894665241241455, "taskName": "starlette.middleware.base.BaseHTTPMiddleware.__call__.<locals>.call_next.<locals>.coro"}
{"asctime": "2026-02-27 00:31:14,804", "levelname": "INFO", "message": "", "url": "/users/register", "method": "POST", "process_time": 2.568021297454834, "taskName": "starlette.middleware.base.BaseHTTPMiddleware.__call__.<locals>.call_next.<locals>.coro"}
{"asctime": "2026-02-27 00:31:58,460", "levelname": "INFO", "message": "", "url": "/users/register", "method": "POST", "process_time": 5.798726797103882, "taskName": "starlette.middleware.base.BaseHTTPMiddleware.__call__.<locals>.call_next.<locals>.coro"}
{"asctime": "2026-02-27 00:32:20,141", "levelname": "INFO", "message": "", "url": "/users/register", "method": "POST", "process_time": 3.4589459896087646, "taskName": "starlette.middleware.base.BaseHTTPMiddleware.__call__.<locals>.call_next.<locals>.coro"}
{"asctime": "2026-02-27 00:36:09,466", "levelname": "INFO", "message": "", "url": "/users/register", "method": "POST", "process_time": 4.880480527877808, "taskName": "starlette.middleware.base.BaseHTTPMiddleware.__call__.<locals>.call_next.<locals>.coro"}
{"asctime": "2026-02-27 00:36:24,999", "levelname": "INFO", "message": "", "url": "/users/register", "method": "POST", "process_time": 3.341665506362915, "taskName": "starlette.middleware.base.BaseHTTPMiddleware.__call__.<locals>.call_next.<locals>.coro"}
{"asctime": "2026-02-27 00:37:28,589", "levelname": "INFO", "message": "", "url": "/users/register", "method": "POST", "process_time": 1.9850404262542725, "taskName": "starlette.middleware.base.BaseHTTPMiddleware.__call__.<locals>.call_next.<locals>.coro"}
{"asctime": "2026-02-27 00:47:08,503", "levelname": "INFO", "message": "", "url": "/users/register", "method": "POST", "process_time": 0.9973106384277344, "taskName": "starlette.middleware.base.BaseHTTPMiddleware.__call__.<locals>.call_next.<locals>.coro"}
{"asctime": "2026-02-27 00:47:45,976", "levelname": "INFO", "message": "", "url": "/users/login", "method": "POST", "process_time": 0.5209143161773682, "taskName": "starlette.middleware.base.BaseHTTPMiddleware.__call__.<locals>.call_next.<locals>.coro"}
{"asctime": "2026-02-27 00:48:04,302", "levelname": "INFO", "message": "", "url": "/users/logout", "method": "POST", "process_time": 0.0010001659393310547, "taskName": "starlette.middleware.base.BaseHTTPMiddleware.__call__.<locals>.call_next.<locals>.coro"}
{"asctime": "2026-02-27 00:48:04,319", "levelname": "INFO", "message": "", "url": "/users/refresh", "method": "POST", "process_time": 0.0019991397857666016, "taskName": "starlette.middleware.base.BaseHTTPMiddleware.__call__.<locals>.call_next.<locals>.coro"}
